Copyright 1986-2020 Xilinx, Inc. All Rights Reserved.
------------------------------------------------------------------------------------
| Tool Version : Vivado v.2020.2 (win64) Build 3064766 Wed Nov 18 09:12:45 MST 2020
| Date         : Mon May  3 19:48:11 2021
| Host         : KRYTOF4E14 running 64-bit major release  (build 9200)
| Command      : report_control_sets -verbose -file top_control_sets_placed.rpt
| Design       : top
| Device       : xc7a100t
------------------------------------------------------------------------------------

Control Set Information

Table of Contents
-----------------
1. Summary
2. Histogram
3. Flip-Flop Distribution
4. Detailed Control Set Information

1. Summary
----------

+----------------------------------------------------------+-------+
|                          Status                          | Count |
+----------------------------------------------------------+-------+
| Total control sets                                       |    16 |
|    Minimum number of control sets                        |    16 |
|    Addition due to synthesis replication                 |     0 |
|    Addition due to physical synthesis replication        |     0 |
| Unused register locations in slices containing registers |    69 |
+----------------------------------------------------------+-------+
* Control sets can be merged at opt_design using control_set_merge or merge_equivalent_drivers
** Run report_qor_suggestions for automated merging and remapping suggestions


2. Histogram
------------

+--------------------+-------+
|       Fanout       | Count |
+--------------------+-------+
| Total control sets |    16 |
| >= 0 to < 4        |     7 |
| >= 4 to < 6        |     0 |
| >= 6 to < 8        |     0 |
| >= 8 to < 10       |     0 |
| >= 10 to < 12      |     0 |
| >= 12 to < 14      |     0 |
| >= 14 to < 16      |     0 |
| >= 16              |     9 |
+--------------------+-------+
* Control sets can be remapped at either synth_design or opt_design


3. Flip-Flop Distribution
-------------------------

+--------------+-----------------------+------------------------+-----------------+--------------+
| Clock Enable | Synchronous Set/Reset | Asynchronous Set/Reset | Total Registers | Total Slices |
+--------------+-----------------------+------------------------+-----------------+--------------+
| No           | No                    | No                     |              20 |            9 |
| No           | No                    | Yes                    |               0 |            0 |
| No           | Yes                   | No                     |             109 |           32 |
| Yes          | No                    | No                     |               6 |            6 |
| Yes          | No                    | Yes                    |               0 |            0 |
| Yes          | Yes                   | No                     |             100 |           30 |
+--------------+-----------------------+------------------------+-----------------+--------------+


4. Detailed Control Set Information
-----------------------------------

+-----------------------------------------------------------------------+--------------------------------------------------------+-------------------------------------------------------------+------------------+----------------+--------------+
|                              Clock Signal                             |                      Enable Signal                     |                       Set/Reset Signal                      | Slice Load Count | Bel Load Count | Bels / Slice |
+-----------------------------------------------------------------------+--------------------------------------------------------+-------------------------------------------------------------+------------------+----------------+--------------+
|  CLK100MHZ_IBUF_BUFG                                                  | uut_parking_assistant/sensor5_o1_out                   |                                                             |                1 |              1 |         1.00 |
|  CLK100MHZ_IBUF_BUFG                                                  | uut_parking_assistant/sensor4_o2_out                   |                                                             |                1 |              1 |         1.00 |
|  CLK100MHZ_IBUF_BUFG                                                  | uut_parking_assistant/sensor0_o7_out                   |                                                             |                1 |              1 |         1.00 |
|  CLK100MHZ_IBUF_BUFG                                                  | uut_parking_assistant/sensor2_o5_out                   |                                                             |                1 |              1 |         1.00 |
|  CLK100MHZ_IBUF_BUFG                                                  | uut_parking_assistant/sensor1_o6_out                   |                                                             |                1 |              1 |         1.00 |
|  CLK100MHZ_IBUF_BUFG                                                  | uut_parking_assistant/sensor3_o3_out                   |                                                             |                1 |              1 |         1.00 |
|  uut_parking_assistant/uut_tone_gen/pulse_clock_period_reg[2]_i_2_n_0 |                                                        |                                                             |                2 |              2 |         1.00 |
|  CLK100MHZ_IBUF_BUFG                                                  |                                                        | BTN_IBUF[0]                                                 |                8 |             16 |         2.00 |
|  CLK100MHZ_IBUF_BUFG                                                  |                                                        |                                                             |                7 |             18 |         2.57 |
|  CLK100MHZ_IBUF_BUFG                                                  | uut_parking_assistant/uut_urm_driver_front/s_distance  | BTN_IBUF[0]                                                 |                9 |             19 |         2.11 |
|  CLK100MHZ_IBUF_BUFG                                                  | uut_parking_assistant/uut_urm_driver_back/s_distance   | BTN_IBUF[0]                                                 |                7 |             19 |         2.71 |
|  CLK100MHZ_IBUF_BUFG                                                  |                                                        | uut_parking_assistant/uut_tone_gen/clear                    |                8 |             31 |         3.88 |
|  CLK100MHZ_IBUF_BUFG                                                  |                                                        | uut_parking_assistant/uut_tone_gen/s_clk_counter[0]_i_1_n_0 |                8 |             31 |         3.88 |
|  CLK100MHZ_IBUF_BUFG                                                  |                                                        | uut_parking_assistant/uut_clk_en0/s_cnt_local[0]_i_1_n_0    |                8 |             31 |         3.88 |
|  CLK100MHZ_IBUF_BUFG                                                  | uut_parking_assistant/uut_urm_driver_front/s_local_cnt | BTN_IBUF[0]                                                 |                6 |             31 |         5.17 |
|  CLK100MHZ_IBUF_BUFG                                                  | uut_parking_assistant/uut_urm_driver_back/s_local_cnt  | BTN_IBUF[0]                                                 |                8 |             31 |         3.88 |
+-----------------------------------------------------------------------+--------------------------------------------------------+-------------------------------------------------------------+------------------+----------------+--------------+


